[CreateKeychainCommand] Unable to create keychain
- Keychain Name: keychainName
- Output: output
- Error: errorOutput