[CreateKeychainCommand] Unable to list keychains
- Output: output
- Error: errorOutput