[CreateKeychainCommand] Unable to find keychain
- Keychain Name: keychainName
- Output: output
- Error: errorOutput