[CreateKeychainCommand] Unable to update keychain lock timeout
- Keychain Name: keychainName
- Output: output
- Error: errorOutput