[CreateKeychainCommand] Unable to unlock keychain
- Keychain Name: keychainName
- Output: output
- Error: errorOutput