[CreateProvisioningProfileCommand] Unable to base 64 decode profile
- Profile name: name