▿ 1 element
  ▿ (2 elements)
    - .0: "The profile already exists"
    - .1: "\n"
