[CreateProvisioningProfileCommand] Unable to import Apple Intermediate Certificate
- Certificate: /certificate
- Output: output
- Error: errorOutput