▿ 1 element
  ▿ (2 elements)
    - .0: "createdProfileITCID"
    - .1: "\n"
