[CreateProvisioningProfileCommand] Unable to create certificate signing request
- Output: output
- Error: errorOutput