[CreateProvisioningProfileCommand] Unable to update keychain partition list
- Keychain Name: keychainName
- Output: output
- Error: errorOutput