[CreateProvisioningProfileCommand] Unable to create private key and CSR
- Output: output
- Error: errorOutput