[CreateProvisioningProfileCommand] Unable to create P12 identity
- Output: output
- Error: errorOutput