[CreateProvisioningProfileCommand] Unable to create PEM
- Output: output
- Error: errorOutput