curl \
	--header "Accept: application/json" \
	--header "Authorization: Bearer jsonWebToken" \
	--header "Content-Type: application/json" \
	"https://api.appstoreconnect.apple.com/v1/devices?filter%5Bstatus%5D=ENABLED&filter%5Bplatform%5D=IOS&limit=200"