curl \
	--request POST \
	--header "Accept: application/json" \
	--header "Authorization: Bearer jsonWebToken" \
	--header "Content-Type: application/json" \
	--data "{\"data\":{\"attributes\":{\"name\":\"certificateId_profileType_0.0\",\"profileType\":\"profileType\"},\"type\":\"profiles\",\"relationships\":{\"certificates\":{\"data\":[{\"type\":\"certificates\",\"id\":\"certificateId\"}]},\"devices\":{\"data\":[{\"id\":\"deviceId\",\"type\":\"devices\"}]},\"bundleId\":{\"data\":{\"type\":\"bundleIds\",\"id\":\"bundleId\"}}}}}" \
	"https://api.appstoreconnect.apple.com/v1/profiles"