▿ 1 element
  ▿ DownloadCertificateResponseData
    ▿ attributes: DownloadCertificateResponseDataAttributes
      - certificateContent: "dGVzdAo="
      - certificateType: "certificateType"
      - displayName: "activeCertDisplayName"
      - expirationDate: 1970-01-01T00:01:40Z
    - id: "activeCertID"
