[iTunesConnectServiceImp] Unable to create url for itunes connect request from url components: 