[iTunesConnectServiceImp] Invalid url
- url string: string