curl \
	--request DELETE \
	--header "Accept: application/json" \
	--header "Authorization: Bearer jsonWebToken" \
	--header "Content-Type: application/json" \
	"https://api.appstoreconnect.apple.com/v1/profiles/id"