[iTunesConnectServiceImp] Unable to determine modulus for certificate
- Output: output
- Error: errorOutput