▿ CreateProfileResponse
  ▿ data: CreateProfileResponseData
    ▿ attributes: Attributes
      - createdDate: 1970-01-01T00:00:00Z
      - expirationDate: 1970-01-01T00:01:40Z
      - name: "createdProfileName"
      - platform: Platform.iOS
      - profileContent: "dGVzdAo="
      - profileState: ProfileState.active
      - profileType: ProfileType.iOSAppStore
      - uuid: "uuid"
    - id: "createdProfileITCID"
    - type: "type"
