▿ Optional<ProfileResponseData>
  ▿ some: ProfileResponseData
    ▿ attributes: Attributes
      - createdDate: 1970-01-01T00:00:00Z
      - expirationDate: 1970-01-01T00:01:40Z
      - name: "getProfileName"
      - platform: "platform"
      - profileContent: "dGVzdAo="
      - profileState: "profileState"
      - profileType: "profileType"
      - uuid: "uuid"
    - id: "getProfileITCID"
    ▿ relationships: Relationships
      ▿ devices: Devices
        ▿ data: 1 element
          ▿ Data
            - id: "1234"
            - type: "device"
    - type: "type"
