▿ CreateProfileResponse
  ▿ data: ProfileResponseData
    ▿ attributes: Attributes
      - createdDate: 1970-01-01T00:00:00Z
      - expirationDate: 1970-01-01T00:01:40Z
      - name: "createdProfileName"
      - platform: "platform"
      - profileContent: "dGVzdAo="
      - profileState: "profileState"
      - profileType: "profileType"
      - uuid: "uuid"
    - id: "createdProfileITCID"
    ▿ relationships: Relationships
      ▿ devices: Devices
        - data: 0 elements
    - type: "type"
