[iTunesConnectServiceImp] Unable to decode response
- Decoding Error: dataCorrupted(Swift.DecodingError.Context(codingPath: [], debugDescription: "debugDescription", underlyingError: nil))
- Response: data