curl \
	--request POST \
	--header "Accept: application/json" \
	--header "Authorization: Bearer jsonWebToken" \
	--header "Content-Type: application/json" \
	--data "{\"data\":{\"attributes\":{\"certificateType\":\"certificateType\",\"csrContent\":\"\"},\"type\":\"certificates\"}}" \
	"https://api.appstoreconnect.apple.com/v1/certificates"