▿ 1 element
  ▿ https://api.appstoreconnect.apple.com/v1/bundleIds?filter%5Bidentifier%5D=bundleIdentifier&filter%5Bplatform%5D=IOS&limit=200
    ▿ url: Optional<URL>
      - some: https://api.appstoreconnect.apple.com/v1/bundleIds?filter%5Bidentifier%5D=bundleIdentifier&filter%5Bplatform%5D=IOS&limit=200
    - cachePolicy: 0
    - timeoutInterval: 60.0
    - mainDocumentURL: Optional<URL>.none
    - networkServiceType: NSURLRequestNetworkServiceType.NSURLRequestNetworkServiceType
    - allowsCellularAccess: true
    ▿ httpMethod: Optional<String>
      - some: "GET"
    ▿ allHTTPHeaderFields: Optional<Dictionary<String, String>>
      ▿ some: 3 key/value pairs
        ▿ (2 elements)
          - key: "Accept"
          - value: "application/json"
        ▿ (2 elements)
          - key: "Authorization"
          - value: "Bearer jsonWebToken"
        ▿ (2 elements)
          - key: "Content-Type"
          - value: "application/json"
    - httpBody: Optional<Data>.none
    - httpBodyStream: Optional<NSInputStream>.none
    - httpShouldHandleCookies: true
    - httpShouldUsePipelining: false
