[iTunesConnectServiceImp] Unable to delete provisioning profile
- id: id
- Response: data