▿ CreateCertificateResponse
  ▿ data: CreateCertificateData
    ▿ attributes: CreateCertificateResponseAttributes
      - certificateContent: "dGVzdAo="
      - certificateType: CertificateType.iOSDistribution
      - displayName: "createdCertDisplayName"
      - name: "createdCertName"
      - serialNumber: "createdCertSerialNumber"
    - id: "createdCertID"
    - type: "certificates"
