▿ 1 element
  ▿ (2 elements)
    - .0: ""
    - .1: "provisioningProfileId"
